Vitaj v komplexnom testovacom programe pre jazyk IFJ24!
Sucet cisel: 55
Vysledok je vacsi ako 50.
Vypis cisel od 1 do 5:
1
2
3
4
5
Faktorial cisla 5 je 120.
Spojeny retazec: Testovanie prace s retazcami. IFJ24 je super!
Zadajte cisla na scitanie (0 ukonci vstup):
Sucet zadanych cisel je: 16
Zadajte 'ahoj', aby ste pokracovali:
Zadany retazec je spravny!
Testovaci program ukonceny uspesne.
